https://grimpottery.net.br - 2
https://woodenoyster.com.br - 2
https://severeleather.com - 1
https://solidwindshield.net.br - 1

200 - 1
400 - 2
404 - 1
500 - 2
503 - 1